// BİR ÖNCEKİ FİRSTPROJECT TE TASARLADIĞIM SHOWSCREEN İ ORJİNAL KOCA İCON OLARAK EKLEMEK İSTEDİĞİMDE KARŞILAŞTIĞIM SORUNLAR (her şeyi denedim, sorun ne anlamadım :/)

2022-12-04 01:59:34.390 8587-8587/? A/crash_dump32: crash_dump.cpp:474] failed to attach to thread 176: Permission denied
2022-12-04 01:59:34.480 468-468/? E/netmgr: qemu_pipe_open_ns:62: Could not connect to the 'pipe:qemud:network' service: Invalid argument
2022-12-04 01:59:34.481 468-468/? E/netmgr: Failed to open QEMU pipe 'qemud:network': Invalid argument
2022-12-04 01:59:46.658 474-474/? E/wifi_forwarder: qemu_pipe_open_ns:62: Could not connect to the 'pipe:qemud:wififorward' service: Invalid argument
2022-12-04 01:59:46.658 474-474/? E/wifi_forwarder: RemoteConnection failed to initialize: RemoteConnection failed to open pipe
2022-12-04 01:59:34.396 176-176/? A/libc: crash_dump helper failed to exec
2022-12-04 01:59:51.057 31951-31951/? E/AndroidRuntime: FATAL EXCEPTION: main
    Process: com.android.phone, PID: 31951
    DeadSystemException: The system died; earlier logs will point to the root cause
2022-12-04 01:59:51.091 295-20224/? E/IPCThreadState: attemptIncStrongHandle(78): Not supported
2022-12-04 01:59:51.091 295-20222/? E/IPCThreadState: attemptIncStrongHandle(77): Not supported
2022-12-04 01:59:51.091 295-971/? E/IPCThreadState: attemptIncStrongHandle(79): Not supported
2022-12-04 01:59:51.091 295-299/? E/IPCThreadState: attemptIncStrongHandle(80): Not supported
2022-12-04 01:59:51.651 31482-31482/? E/Zygote: Zygote failed to write to system_server FD: Connection refused
2022-12-04 01:59:51.651 31482-31482/? E/Zygote: Exit zygote because system server (pid 31520) has terminated
2022-12-04 01:59:51.678 8263-8283/? E/AndroidRuntime: FATAL EXCEPTION: SysUiBg
    Process: com.android.systemui, PID: 8263
    DeadSystemException: The system died; earlier logs will point to the root cause
2022-12-04 01:59:51.690 295-971/? E/IPCThreadState: attemptIncStrongHandle(69): Not supported
2022-12-04 01:59:51.691 295-971/? E/IPCThreadState: attemptIncStrongHandle(73): Not supported
2022-12-04 01:59:51.691 295-971/? E/IPCThreadState: attemptIncStrongHandle(70): Not supported
2022-12-04 01:59:51.691 295-971/? E/IPCThreadState: attemptIncStrongHandle(72): Not supported
2022-12-04 01:59:51.694 295-299/? E/IPCThreadState: attemptIncStrongHandle(105): Not supported
2022-12-04 01:59:51.695 295-20224/? E/IPCThreadState: attemptIncStrongHandle(1): Not supported
2022-12-04 01:59:51.697 32447-2768/? E/VoiceInteractionService: system service binder died shutting down
2022-12-04 01:59:51.698 295-710/? E/IPCThreadState: attemptIncStrongHandle(74): Not supported
2022-12-04 01:59:51.698 295-301/? E/IPCThreadState: attemptIncStrongHandle(64): Not supported
2022-12-04 01:59:51.698 295-301/? E/IPCThreadState: attemptIncStrongHandle(41): Not supported
2022-12-04 01:59:51.698 295-710/? E/IPCThreadState: attemptIncStrongHandle(42): Not supported
2022-12-04 01:59:51.698 295-710/? E/IPCThreadState: attemptIncStrongHandle(43): Not supported
2022-12-04 01:59:51.698 295-301/? E/IPCThreadState: attemptIncStrongHandle(40): Not supported
2022-12-04 01:59:51.699 295-710/? E/IPCThreadState: attemptIncStrongHandle(46): Not supported
2022-12-04 01:59:51.699 295-710/? E/IPCThreadState: attemptIncStrongHandle(62): Not supported
2022-12-04 01:59:51.699 295-30331/? E/IPCThreadState: attemptIncStrongHandle(36): Not supported
2022-12-04 01:59:51.700 295-710/? E/IPCThreadState: attemptIncStrongHandle(65): Not supported
2022-12-04 01:59:51.700 295-710/? E/IPCThreadState: attemptIncStrongHandle(63): Not supported
2022-12-04 01:59:51.700 295-710/? E/IPCThreadState: attemptIncStrongHandle(39): Not supported
2022-12-04 01:59:51.700 295-710/? E/IPCThreadState: attemptIncStrongHandle(67): Not supported
2022-12-04 01:59:51.700 295-710/? E/IPCThreadState: attemptIncStrongHandle(49): Not supported
2022-12-04 01:59:51.700 295-709/? E/IPCThreadState: attemptIncStrongHandle(44): Not supported
2022-12-04 01:59:51.700 295-710/? E/IPCThreadState: attemptIncStrongHandle(47): Not supported
2022-12-04 01:59:51.700 295-20222/? E/IPCThreadState: attemptIncStrongHandle(48): Not supported
2022-12-04 01:59:51.700 295-710/? E/IPCThreadState: attemptIncStrongHandle(35): Not supported
2022-12-04 01:59:51.700 295-710/? E/IPCThreadState: attemptIncStrongHandle(45): Not supported
2022-12-04 01:59:51.700 295-301/? E/IPCThreadState: attemptIncStrongHandle(38): Not supported
2022-12-04 01:59:51.701 295-710/? E/IPCThreadState: attemptIncStrongHandle(56): Not supported
2022-12-04 01:59:51.701 295-710/? E/IPCThreadState: attemptIncStrongHandle(37): Not supported
2022-12-04 01:59:51.701 295-710/? E/IPCThreadState: attemptIncStrongHandle(60): Not supported
2022-12-04 01:59:51.701 295-710/? E/IPCThreadState: attemptIncStrongHandle(11): Not supported
2022-12-04 01:59:51.701 295-710/? E/IPCThreadState: attemptIncStrongHandle(20): Not supported
2022-12-04 01:59:51.701 295-710/? E/IPCThreadState: attemptIncStrongHandle(32): Not supported
2022-12-04 01:59:51.701 295-710/? E/IPCThreadState: attemptIncStrongHandle(21): Not supported
2022-12-04 01:59:51.702 295-710/? E/IPCThreadState: attemptIncStrongHandle(22): Not supported
2022-12-04 01:59:51.703 295-20225/? E/IPCThreadState: attemptIncStrongHandle(66): Not supported
2022-12-04 01:59:51.702 295-710/? E/IPCThreadState: attemptIncStrongHandle(24): Not supported
2022-12-04 01:59:51.703 295-710/? E/IPCThreadState: attemptIncStrongHandle(23): Not supported
2022-12-04 01:59:51.703 295-710/? E/IPCThreadState: attemptIncStrongHandle(5): Not supported
2022-12-04 01:59:51.703 295-710/? E/IPCThreadState: attemptIncStrongHandle(9): Not supported
2022-12-04 01:59:51.704 295-20222/? E/IPCThreadState: attemptIncStrongHandle(6): Not supported
2022-12-04 01:59:51.704 295-20222/? E/IPCThreadState: attemptIncStrongHandle(8): Not supported
2022-12-04 01:59:51.704 295-20222/? E/IPCThreadState: attemptIncStrongHandle(18): Not supported
2022-12-04 01:59:51.704 295-20222/? E/IPCThreadState: attemptIncStrongHandle(10): Not supported
2022-12-04 01:59:51.704 295-20222/? E/IPCThreadState: attemptIncStrongHandle(34): Not supported
2022-12-04 01:59:51.704 295-20222/? E/IPCThreadState: attemptIncStrongHandle(28): Not supported
2022-12-04 01:59:51.704 295-20222/? E/IPCThreadState: attemptIncStrongHandle(30): Not supported
2022-12-04 01:59:51.704 295-20222/? E/IPCThreadState: attemptIncStrongHandle(26): Not supported
2022-12-04 01:59:51.704 295-20222/? E/IPCThreadState: attemptIncStrongHandle(25): Not supported
2022-12-04 01:59:51.704 295-710/? E/IPCThreadState: attemptIncStrongHandle(7): Not supported
2022-12-04 01:59:51.705 295-20222/? E/IPCThreadState: attemptIncStrongHandle(4): Not supported
2022-12-04 01:59:51.705 295-20222/? E/IPCThreadState: attemptIncStrongHandle(19): Not supported
2022-12-04 01:59:51.705 295-709/? E/IPCThreadState: attemptIncStrongHandle(13): Not supported
2022-12-04 01:59:51.706 295-709/? E/IPCThreadState: attemptIncStrongHandle(14): Not supported
2022-12-04 01:59:51.706 295-709/? E/IPCThreadState: attemptIncStrongHandle(55): Not supported
2022-12-04 01:59:51.706 295-709/? E/IPCThreadState: attemptIncStrongHandle(16): Not supported
2022-12-04 01:59:51.706 295-709/? E/IPCThreadState: attemptIncStrongHandle(53): Not supported
2022-12-04 01:59:51.706 295-710/? E/IPCThreadState: attemptIncStrongHandle(31): Not supported
2022-12-04 01:59:51.706 295-709/? E/IPCThreadState: attemptIncStrongHandle(12): Not supported
2022-12-04 01:59:51.706 295-710/? E/IPCThreadState: attemptIncStrongHandle(27): Not supported
2022-12-04 01:59:51.706 295-710/? E/IPCThreadState: attemptIncStrongHandle(51): Not supported
2022-12-04 01:59:51.706 295-710/? E/IPCThreadState: attemptIncStrongHandle(52): Not supported
2022-12-04 01:59:51.706 295-710/? E/IPCThreadState: attemptIncStrongHandle(59): Not supported
2022-12-04 01:59:51.706 295-710/? E/IPCThreadState: attemptIncStrongHandle(17): Not supported
2022-12-04 01:59:51.707 295-710/? E/IPCThreadState: attemptIncStrongHandle(57): Not supported
2022-12-04 01:59:51.707 295-20230/? E/IPCThreadState: attemptIncStrongHandle(54): Not supported
2022-12-04 01:59:51.707 295-301/? E/IPCThreadState: attemptIncStrongHandle(33): Not supported
2022-12-04 01:59:51.707 295-20230/? E/IPCThreadState: attemptIncStrongHandle(15): Not supported
2022-12-04 01:59:51.707 295-20230/? E/IPCThreadState: attemptIncStrongHandle(50): Not supported
2022-12-04 01:59:51.707 295-301/? E/IPCThreadState: attemptIncStrongHandle(58): Not supported
2022-12-04 01:59:51.707 295-301/? E/IPCThreadState: attemptIncStrongHandle(3): Not supported
2022-12-04 01:59:51.707 295-20230/? E/IPCThreadState: attemptIncStrongHandle(71): Not supported
2022-12-04 01:59:51.707 295-301/? E/IPCThreadState: attemptIncStrongHandle(2): Not supported
2022-12-04 01:59:51.707 295-709/? E/IPCThreadState: attemptIncStrongHandle(61): Not supported
2022-12-04 01:59:51.707 295-20222/? E/IPCThreadState: attemptIncStrongHandle(29): Not supported
2022-12-04 01:59:51.734 31486-5492/? E/libnetd_resolv: unlinkToDeath: removed reference to death recipient but unlink failed.
2022-12-04 01:59:51.739 295-971/? E/IPCThreadState: attemptIncStrongHandle(68): Not supported
2022-12-04 01:59:52.733 8653-8653/? E/Netd: Error adding route 0.0.0.0/0 -> (null) dummy0 to table 1002: File exists
2022-12-04 01:59:52.912 8650-8650/? E/CameraProviderManager: addDynamicDepthTags: Advertised depth exclusive tag but value is not present!
2022-12-04 01:59:52.912 8650-8650/? E/CameraProviderManager: DeviceInfo3: Failed appending dynamic depth tags: Invalid argument (-22)
2022-12-04 01:59:52.949 8650-8650/? E/CameraProviderManager: DeviceInfo3: Converted ICameraDevice instance to nullptr
2022-12-04 01:59:53.391 8647-8688/? E/BootAnimation: Could not add watch for /data/system: Permission denied
2022-12-04 01:59:54.292 8648-8648/? E/ActivityRecognitionHardware: activity_recognition HAL is deprecated. class_init is effectively a no-op
2022-12-04 01:59:55.856 8690-8690/? E/system_server: Not starting debugger since process cannot load the jdwp agent.
2022-12-04 01:59:56.549 8690-8690/? E/UsbAlsaJackDetectorJNI: Can't register UsbAlsaJackDetector native methods
2022-12-04 01:59:56.747 418-630/? E/iorapd: Cannot get package manager service!
2022-12-04 01:59:57.437 8715-8715/? E/APM::Serializer: deserialize: Could not parse /odm/etc/audio_policy_configuration.xml document.
2022-12-04 01:59:57.451 8715-8715/? E/APM::AudioPolicyEngine/Config: parse: Could not parse document /vendor/etc/audio_policy_engine_configuration.xml
2022-12-04 01:59:57.451 8715-8715/? E/libxml2: I/O warning : failed to load external entity "/vendor/etc/audio_policy_engine_configuration.xml"
2022-12-04 01:59:57.451 8715-8715/? E/APM::AudioPolicyEngine/Config: parseLegacyVolumeFile: Could not parse document /odm/etc/audio_policy_configuration.xml
2022-12-04 01:59:57.451 8715-8715/? E/libxml2: I/O warning : failed to load external entity "/odm/etc/audio_policy_configuration.xml"
2022-12-04 01:59:57.487 8690-8739/? E/BluetoothAdapter: Bluetooth binder is null
2022-12-04 01:59:57.491 8716-8716/? E/android.hardware.audio.service.ranchu: device/generic/goldfish/audio/stream_out.cpp:setEventCallback:457 failure: Result::NOT_SUPPORTED
2022-12-04 01:59:57.491 8715-8715/? E/AudioFlinger: Failed to add event callback
2022-12-04 01:59:57.491 8716-8716/? E/android.hardware.audio.service.ranchu: device/generic/goldfish/audio/primary_device.cpp:getParameters:234 failure: Result::NOT_SUPPORTED
2022-12-04 01:59:57.495 8716-8716/? E/android.hardware.audio.service.ranchu: device/generic/goldfish/audio/stream_out.cpp:getPresentationPosition:487 failure: Result::NOT_SUPPORTED
2022-12-04 01:59:57.518 8690-8739/? E/KernelCpuSpeedReader: Failed to read cpu-freq: /sys/devices/system/cpu/cpu1/cpufreq/stats/time_in_state: open failed: ENOENT (No such file or directory)
2022-12-04 01:59:57.519 8690-8739/? E/KernelCpuSpeedReader: Failed to read cpu-freq: /sys/devices/system/cpu/cpu0/cpufreq/stats/time_in_state: open failed: ENOENT (No such file or directory)
2022-12-04 01:59:57.534 216-599/? E/android.system.suspend@1.0-service: Error opening kernel wakelock stats for: wakeup34: Permission denied
2022-12-04 01:59:57.547 216-599/? E/android.system.suspend@1.0-service: Error opening kernel wakelock stats for: wakeup35: Permission denied
2022-12-04 01:59:57.576 8716-8716/? E/android.hardware.audio.service.ranchu: device/generic/goldfish/audio/stream_out.cpp:setEventCallback:457 failure: Result::NOT_SUPPORTED
2022-12-04 01:59:57.577 8715-8715/? E/AudioFlinger: Failed to add event callback
2022-12-04 01:59:57.577 8716-8716/? E/android.hardware.audio.service.ranchu: device/generic/goldfish/audio/primary_device.cpp:getParameters:234 failure: Result::NOT_SUPPORTED
2022-12-04 01:59:57.577 8716-8716/? E/android.hardware.audio.service.ranchu: device/generic/goldfish/audio/stream_out.cpp:getPresentationPosition:487 failure: Result::NOT_SUPPORTED
2022-12-04 01:59:57.629 8690-8690/? E/memtrack: Couldn't load memtrack module
2022-12-04 01:59:58.375 362-393/? E/HWComposer: getSupportedContentTypes: getSupportedContentTypes failed for display 8141603649153536: Unsupported (8)
2022-12-04 01:59:58.380 8690-8739/? E/BluetoothAdapter: Bluetooth binder is null
2022-12-04 01:59:58.382 8690-8739/? E/KernelCpuSpeedReader: Failed to read cpu-freq: /sys/devices/system/cpu/cpu1/cpufreq/stats/time_in_state: open failed: ENOENT (No such file or directory)
2022-12-04 01:59:58.382 8690-8739/? E/KernelCpuSpeedReader: Failed to read cpu-freq: /sys/devices/system/cpu/cpu0/cpufreq/stats/time_in_state: open failed: ENOENT (No such file or directory)
2022-12-04 01:59:58.386 216-599/? E/android.system.suspend@1.0-service: Error opening kernel wakelock stats for: wakeup34: Permission denied
2022-12-04 01:59:58.395 216-599/? E/android.system.suspend@1.0-service: Error opening kernel wakelock stats for: wakeup35: Permission denied
2022-12-04 02:00:00.941 8690-8690/? E/PackageManager: Shared lib without setting: SharedLibraryInfo{name:com.google.android.trichromelibrary, type:static, version:410410681}
2022-12-04 02:00:00.945 8690-8690/? E/PackageManager: Shared lib without setting: SharedLibraryInfo{name:com.google.android.trichromelibrary, type:static, version:410410681}
2022-12-04 02:00:01.451 8690-8704/? E/HistoricalRegistry: Interaction before persistence initialized
2022-12-04 02:00:01.468 8690-8704/? E/HistoricalRegistry: Interaction before persistence initialized
2022-12-04 02:00:01.601 8776-8777/? E/idmap2d: failed to parse idmap header
2022-12-04 02:00:01.686 8776-8777/? E/idmap2d: no resources were overlaid
2022-12-04 02:00:02.066 8690-8779/? E/HistoricalRegistry: Interaction before persistence initialized
2022-12-04 02:00:02.098 8690-8739/? E/BluetoothAdapter: Bluetooth binder is null
2022-12-04 02:00:02.108 8690-8739/? E/KernelCpuSpeedReader: Failed to read cpu-freq: /sys/devices/system/cpu/cpu1/cpufreq/stats/time_in_state: open failed: ENOENT (No such file or directory)
2022-12-04 02:00:02.108 8690-8739/? E/KernelCpuSpeedReader: Failed to read cpu-freq: /sys/devices/system/cpu/cpu0/cpufreq/stats/time_in_state: open failed: ENOENT (No such file or directory)
2022-12-04 02:00:02.138 216-599/? E/android.system.suspend@1.0-service: Error opening kernel wakelock stats for: wakeup34: Permission denied
2022-12-04 02:00:02.153 216-599/? E/android.system.suspend@1.0-service: Error opening kernel wakelock stats for: wakeup35: Permission denied
2022-12-04 02:00:02.167 216-599/? E/android.system.suspend@1.0-service: Error opening kernel wakelock stats for: wakeup34: Permission denied
2022-12-04 02:00:02.173 216-599/? E/android.system.suspend@1.0-service: Error opening kernel wakelock stats for: wakeup35: Permission denied
2022-12-04 02:00:02.193 8690-8739/? E/KernelCpuSpeedReader: Failed to read cpu-freq: /sys/devices/system/cpu/cpu0/cpufreq/stats/time_in_state: open failed: ENOENT (No such file or directory)
2022-12-04 02:00:02.193 8690-8739/? E/KernelCpuSpeedReader: Failed to read cpu-freq: /sys/devices/system/cpu/cpu1/cpufreq/stats/time_in_state: open failed: ENOENT (No such file or directory)
2022-12-04 02:00:02.211 8690-8789/? E/SystemServer: Unable to preload default resources
2022-12-04 02:00:02.213 216-599/? E/android.system.suspend@1.0-service: Error opening kernel wakelock stats for: wakeup34: Permission denied
2022-12-04 02:00:02.231 216-599/? E/android.system.suspend@1.0-service: Error opening kernel wakelock stats for: wakeup35: Permission denied
2022-12-04 02:00:02.236 8690-8739/? E/KernelCpuSpeedReader: Failed to read cpu-freq: /sys/devices/system/cpu/cpu0/cpufreq/stats/time_in_state: open failed: ENOENT (No such file or directory)
2022-12-04 02:00:02.236 8690-8739/? E/KernelCpuSpeedReader: Failed to read cpu-freq: /sys/devices/system/cpu/cpu1/cpufreq/stats/time_in_state: open failed: ENOENT (No such file or directory)
2022-12-04 02:00:02.243 216-599/? E/android.system.suspend@1.0-service: Error opening kernel wakelock stats for: wakeup34: Permission denied
2022-12-04 02:00:02.261 216-599/? E/android.system.suspend@1.0-service: Error opening kernel wakelock stats for: wakeup35: Permission denied
2022-12-04 02:00:02.449 8690-8690/? E/HistoricalRegistry: Interaction before persistence initialized
2022-12-04 02:00:02.628 8690-8690/? E/HistoricalRegistry: Interaction before persistence initialized
2022-12-04 02:00:02.649 8690-8690/? E/IntegrityFileManager: Error creating staging and rules directory
2022-12-04 02:00:02.650 8690-8794/? E/InputClassifier: Could not add the event to the queue. Resetting
2022-12-04 02:00:02.650 8690-8794/? E/InputClassifier: Could not add the event to the queue. Resetting
2022-12-04 02:00:02.766 418-630/? E/IPCThreadState: binder thread pool (1 threads) starved for 11057 ms
2022-12-04 02:00:03.713 8690-8690/? E/HistoricalRegistry: Interaction before persistence initialized
2022-12-04 02:00:03.716 8690-8690/? E/WifiClientModeImpl: getWifiLinkLayerStats called without an interface
2022-12-04 02:00:04.287 8690-8712/? E/UsbDeviceManager: failed to write to /sys/class/android_usb/android0/f_rndis/ethaddr
2022-12-04 02:00:04.296 8690-8712/? E/UsbDeviceManagerJNI: could not open control for mtp No such file or directory
2022-12-04 02:00:04.296 8690-8712/? E/UsbDeviceManager: Failed to open control for mtp
2022-12-04 02:00:04.296 8690-8712/? E/UsbDeviceManagerJNI: could not open control for ptp No such file or directory
2022-12-04 02:00:04.296 8690-8712/? E/UsbDeviceManager: Failed to open control for ptp
2022-12-04 02:00:04.322 8690-8712/? E/UsbDeviceManagerJNI: could not open /dev/usb_accessory
2022-12-04 02:00:04.335 334-334/? E/android.hardware.usb@1.0-service: Failed to open /sys/class/dual_role_usb
2022-12-04 02:00:04.343 8690-8690/? E/HistoricalRegistry: Interaction before persistence initialized
2022-12-04 02:00:04.620 8690-8690/? E/HistoricalRegistry: Interaction before persistence initialized
2022-12-04 02:00:04.635 461-461/? E/FingerprintHal: Could not load fingerprints from storage at /data/vendor_de/0/fpdata/emufp.bin; it has not yet been created.
2022-12-04 02:00:04.712 8690-8690/? E/AutofillManagerServiceImpl: Bad service name: com.google.android.gms/.autofill.service.AutofillService
2022-12-04 02:00:04.712 8690-8690/? E/RemoteAugmentedAutofillService: Bad service name for flags 1048704: com.google.android.as/com.google.android.apps.miphone.aiai.app.AiAiAugmentedAutofillService
2022-12-04 02:00:04.720 8690-8690/? E/HistoricalRegistry: Interaction before persistence initialized
2022-12-04 02:00:04.785 8690-8690/? E/HistoricalRegistry: Interaction before persistence initialized
2022-12-04 02:00:04.856 8690-8690/? E/TestHarnessModeService: Failed to start Test Harness Mode; no implementation of PersistentDataBlockManagerInternal was bound!
2022-12-04 02:00:04.860 8690-8690/? E/HistoricalRegistry: Interaction before persistence initialized
2022-12-04 02:00:04.916 8690-8690/? E/HistoricalRegistry: Interaction before persistence initialized
2022-12-04 02:00:04.923 8690-8807/? E/SupplicantStaIfaceHal: Can't call setDebugParams, ISupplicant is null
2022-12-04 02:00:04.924 8690-8807/? E/HostapdHal: Can't call setDebugParams, IHostapd is null
2022-12-04 02:00:04.929 8690-8690/? E/HistoricalRegistry: Interaction before persistence initialized
2022-12-04 02:00:04.950 8690-8690/? E/DisplayPowerController: failed to set up display white-balance: java.lang.IllegalStateException: cannot find sensor com.google.sensor.color
2022-12-04 02:00:04.966 216-599/? E/android.system.suspend@1.0-service: Error opening kernel wakelock stats for: wakeup34: Permission denied
2022-12-04 02:00:04.995 216-599/? E/android.system.suspend@1.0-service: Error opening kernel wakelock stats for: wakeup35: Permission denied
2022-12-04 02:00:05.010 8690-8739/? E/KernelCpuSpeedReader: Failed to read cpu-freq: /sys/devices/system/cpu/cpu0/cpufreq/stats/time_in_state: open failed: ENOENT (No such file or directory)
2022-12-04 02:00:05.010 8690-8739/? E/KernelCpuSpeedReader: Failed to read cpu-freq: /sys/devices/system/cpu/cpu1/cpufreq/stats/time_in_state: open failed: ENOENT (No such file or directory)
2022-12-04 02:00:05.025 216-599/? E/android.system.suspend@1.0-service: Error opening kernel wakelock stats for: wakeup34: Permission denied
2022-12-04 02:00:05.034 216-599/? E/android.system.suspend@1.0-service: Error opening kernel wakelock stats for: wakeup35: Permission denied
2022-12-04 02:00:05.397 8690-8708/? E/DisplayModeDirector: Asked about unknown display, returning empty display mode specs!(id=0)
2022-12-04 02:00:05.398 8690-8708/? E/DisplayModeDirector: Asked about unknown display, returning empty display mode specs!(id=0)
2022-12-04 02:00:05.555 8848-8848/? E/droid.bluetoot: Not starting debugger since process cannot load the jdwp agent.
2022-12-04 02:00:05.618 8690-8690/? E/BitmapFactory: Unable to decode stream: java.io.FileNotFoundException: /data/system/users/0/wallpaper_orig: open failed: ENOENT (No such file or directory)
2022-12-04 02:00:05.618 8690-8690/? E/WallpaperManagerService: Unable to apply new wallpaper
2022-12-04 02:00:05.630 334-334/? E/android.hardware.usb@1.0-service: Failed to open /sys/class/dual_role_usb
2022-12-04 02:00:05.630 8690-8827/? E/UsbPortManager: port status enquiry failed
2022-12-04 02:00:05.687 8867-8867/? E/ndroid.systemu: Not starting debugger since process cannot load the jdwp agent.
2022-12-04 02:00:05.944 8922-8922/? E/WebViewLoader-: Not starting debugger since process cannot load the jdwp agent.
2022-12-04 02:00:05.987 446-869/? E/OMXNodeInstance: getExtensionIndex(0xe8800f60:android.goldfish.h264.decoder, OMX.google.android.index.configureVideoTunnelMode) ERROR: UnsupportedIndex(0x8000101a)
2022-12-04 02:00:06.066 446-869/? E/OMXNodeInstance: getExtensionIndex(0xe8800f60:google.h264.decoder, OMX.google.android.index.configureVideoTunnelMode) ERROR: UnsupportedIndex(0x8000101a)
2022-12-04 02:00:06.067 446-869/? E/OMXNodeInstance: getExtensionIndex(0xe8800f60:google.h264.decoder, OMX.google.android.index.enableAndroidNativeBuffers) ERROR: UnsupportedIndex(0x8000101a)
2022-12-04 02:00:06.154 446-869/? E/OMXNodeInstance: getExtensionIndex(0xe8800f60:google.h263.decoder, OMX.google.android.index.configureVideoTunnelMode) ERROR: UnsupportedIndex(0x8000101a)
2022-12-04 02:00:06.155 446-869/? E/OMXNodeInstance: getExtensionIndex(0xe8800f60:google.h263.decoder, OMX.google.android.index.enableAndroidNativeBuffers) ERROR: UnsupportedIndex(0x8000101a)
2022-12-04 02:00:06.208 446-869/? E/OMXNodeInstance: getExtensionIndex(0xe8800f60:google.hevc.decoder, OMX.google.android.index.configureVideoTunnelMode) ERROR: UnsupportedIndex(0x8000101a)
2022-12-04 02:00:06.209 446-869/? E/OMXNodeInstance: getExtensionIndex(0xe8800f60:google.hevc.decoder, OMX.google.android.index.enableAndroidNativeBuffers) ERROR: UnsupportedIndex(0x8000101a)
2022-12-04 02:00:06.236 446-869/? E/OMXNodeInstance: getExtensionIndex(0xe8800f60:google.mpeg4.decoder, OMX.google.android.index.configureVideoTunnelMode) ERROR: UnsupportedIndex(0x8000101a)
2022-12-04 02:00:06.239 446-869/? E/OMXNodeInstance: getExtensionIndex(0xe8800f60:google.mpeg4.decoder, OMX.google.android.index.enableAndroidNativeBuffers) ERROR: UnsupportedIndex(0x8000101a)
2022-12-04 02:00:06.258 446-869/? E/OMXNodeInstance: getExtensionIndex(0xe8800f60:android.goldfish.vp8.decoder, OMX.google.android.index.configureVideoTunnelMode) ERROR: UnsupportedIndex(0x8000101a)
2022-12-04 02:00:06.272 8690-8690/? E/ActivityRecognitionHardware: activity_recognition HAL is deprecated. is_supported is effectively a no-op
2022-12-04 02:00:06.353 446-869/? E/OMXNodeInstance: getExtensionIndex(0xe8800f60:google.vp8.decoder, OMX.google.android.index.configureVideoTunnelMode) ERROR: UnsupportedIndex(0x8000101a)
2022-12-04 02:00:06.355 446-869/? E/OMXNodeInstance: getExtensionIndex(0xe8800f60:google.vp8.decoder, OMX.google.android.index.enableAndroidNativeBuffers) ERROR: UnsupportedIndex(0x8000101a)
2022-12-04 02:00:06.362 8848-8978/? E/bt_btif_storage: btif_storage_get_adapter_property: Controller not ready! Unable to return Bluetooth Address
2022-12-04 02:00:06.365 8848-8978/? E/BluetoothServiceJni: adapter_properties_callback: Status 1 is incorrect
2022-12-04 02:00:06.385 446-798/? E/OMXNodeInstance: getExtensionIndex(0xe8800550:android.goldfish.vp9.decoder, OMX.google.android.index.configureVideoTunnelMode) ERROR: UnsupportedIndex(0x8000101a)
2022-12-04 02:00:06.421 446-798/? E/OMXNodeInstance: getExtensionIndex(0xe8800550:google.vp9.decoder, OMX.google.android.index.configureVideoTunnelMode) ERROR: UnsupportedIndex(0x8000101a)
2022-12-04 02:00:06.421 446-798/? E/OMXNodeInstance: getExtensionIndex(0xe8800550:google.vp9.decoder, OMX.google.android.index.enableAndroidNativeBuffers) ERROR: UnsupportedIndex(0x8000101a)
2022-12-04 02:00:06.504 8690-8705/? E/GnssLocationProvider: IGnssConfiguration setEsExtensionSec() failed.
2022-12-04 02:00:06.504 8690-8705/? E/GnssConfiguration: Unable to set ES_EXTENSION_SEC: 0
2022-12-04 02:00:06.509 446-446/? E/OMXNodeInstance: getConfig(0xe8800550:google.h263.encoder, ConfigAndroidIntraRefresh(0x6f60000a)) ERROR: Undefined(0x80001001)
2022-12-04 02:00:06.510 446-446/? E/OMXNodeInstance: getParameter(0xe8800550:google.h263.encoder, ParamVideoIntraRefresh(0x6000006)) ERROR: UnsupportedIndex(0x8000101a)
2022-12-04 02:00:06.523 8690-8705/? E/GnssBatchingProvider: Failed to initialize GNSS batching
2022-12-04 02:00:06.544 446-446/? E/OMXNodeInstance: getConfig(0xe8800550:google.mpeg4.encoder, ConfigAndroidIntraRefresh(0x6f60000a)) ERROR: Undefined(0x80001001)
2022-12-04 02:00:06.545 446-446/? E/OMXNodeInstance: getParameter(0xe8800550:google.mpeg4.encoder, ParamVideoIntraRefresh(0x6000006)) ERROR: UnsupportedIndex(0x8000101a)
2022-12-04 02:00:06.571 446-446/? E/OMXNodeInstance: getConfig(0xe8800550:google.vp8.encoder, ConfigAndroidIntraRefresh(0x6f60000a)) ERROR: Undefined(0x80001001)
2022-12-04 02:00:06.571 446-446/? E/OMXNodeInstance: getParameter(0xe8800550:google.vp8.encoder, ParamVideoIntraRefresh(0x6000006)) ERROR: UnsupportedIndex(0x8000101a)
2022-12-04 02:00:06.781 8867-8867/? E/NavigationModeController: updateCurrentInteractionMode: mode=0
2022-12-04 02:00:06.796 9023-9023/? E/rkstack.proces: Not starting debugger since process cannot load the jdwp agent.
2022-12-04 02:00:07.150 9046-9046/? E/com.android.se: Not starting debugger since process cannot load the jdwp agent.
2022-12-04 02:00:07.267 8867-9070/? E/FMQ: grantorIdx must be less than 3
2022-12-04 02:00:07.267 8867-9070/? E/FMQ: grantorIdx must be less than 3
2022-12-04 02:00:07.270 453-453/? E/FMQ: grantorIdx must be less than 3
2022-12-04 02:00:07.270 453-453/? E/FMQ: grantorIdx must be less than 3
2022-12-04 02:00:07.275 8867-9070/? E/ion: ioctl c0044901 failed with code -1: Inappropriate ioctl for device
2022-12-04 02:00:07.278 8867-9070/? E/FMQ: grantorIdx must be less than 3
2022-12-04 02:00:07.279 453-14506/? E/FMQ: grantorIdx must be less than 3
2022-12-04 02:00:07.283 8867-9072/? E/FMQ: grantorIdx must be less than 3
2022-12-04 02:00:07.283 8867-9072/? E/FMQ: grantorIdx must be less than 3
2022-12-04 02:00:07.285 453-23636/? E/FMQ: grantorIdx must be less than 3
2022-12-04 02:00:07.285 453-23636/? E/FMQ: grantorIdx must be less than 3
2022-12-04 02:00:07.310 453-9080/? E/FMQ: grantorIdx must be less than 3
2022-12-04 02:00:07.310 8867-9072/? E/FMQ: grantorIdx must be less than 3
2022-12-04 02:00:07.311 8867-9077/? E/FMQ: grantorIdx must be less than 3
2022-12-04 02:00:07.312 453-963/? E/FMQ: grantorIdx must be less than 3
2022-12-04 02:00:07.355 453-9081/? E/FMQ: grantorIdx must be less than 3
2022-12-04 02:00:07.357 8867-9077/? E/FMQ: grantorIdx must be less than 3
2022-12-04 02:00:07.398 8690-8887/? E/FMQ: grantorIdx must be less than 3
2022-12-04 02:00:07.399 8690-8887/? E/FMQ: grantorIdx must be less than 3
2022-12-04 02:00:07.399 8690-8889/? E/FMQ: grantorIdx must be less than 3
2022-12-04 02:00:07.400 8690-8889/? E/FMQ: grantorIdx must be less than 3
2022-12-04 02:00:07.400 453-23636/? E/FMQ: grantorIdx must be less than 3
2022-12-04 02:00:07.400 453-23636/? E/FMQ: grantorIdx must be less than 3
2022-12-04 02:00:07.403 453-14506/? E/FMQ: grantorIdx must be less than 3
2022-12-04 02:00:07.403 453-14506/? E/FMQ: grantorIdx must be less than 3
2022-12-04 02:00:07.407 8690-8889/? E/ion: ioctl c0044901 failed with code -1: Inappropriate ioctl for device
2022-12-04 02:00:07.411 8690-8889/? E/FMQ: grantorIdx must be less than 3
2022-12-04 02:00:07.413 453-23636/? E/FMQ: grantorIdx must be less than 3
2022-12-04 02:00:07.416 8690-8887/? E/FMQ: grantorIdx must be less than 3
2022-12-04 02:00:07.418 453-23636/? E/FMQ: grantorIdx must be less than 3
2022-12-04 02:00:07.455 453-9084/? E/FMQ: grantorIdx must be less than 3
2022-12-04 02:00:07.456 8690-9007/? E/FMQ: grantorIdx must be less than 3
2022-12-04 02:00:07.467 453-9085/? E/FMQ: grantorIdx must be less than 3
2022-12-04 02:00:07.469 8690-8826/? E/FMQ: grantorIdx must be less than 3
2022-12-04 02:00:07.680 8867-9090/? E/FMQ: grantorIdx must be less than 3
2022-12-04 02:00:07.680 8867-9090/? E/FMQ: grantorIdx must be less than 3
2022-12-04 02:00:07.681 453-20664/? E/FMQ: grantorIdx must be less than 3
2022-12-04 02:00:07.682 453-20664/? E/FMQ: grantorIdx must be less than 3
2022-12-04 02:00:07.689 8867-9090/? E/FMQ: grantorIdx must be less than 3
2022-12-04 02:00:07.689 453-20664/? E/FMQ: grantorIdx must be less than 3
2022-12-04 02:00:07.722 453-9093/? E/FMQ: grantorIdx must be less than 3
2022-12-04 02:00:07.724 8867-9077/? E/FMQ: grantorIdx must be less than 3
2022-12-04 02:00:07.736 8690-9095/? E/FMQ: grantorIdx must be less than 3
2022-12-04 02:00:07.736 8690-9095/? E/FMQ: grantorIdx must be less than 3
2022-12-04 02:00:07.739 453-933/? E/FMQ: grantorIdx must be less than 3
2022-12-04 02:00:07.739 453-933/? E/FMQ: grantorIdx must be less than 3
2022-12-04 02:00:07.746 8690-9095/? E/FMQ: grantorIdx must be less than 3
2022-12-04 02:00:07.746 453-933/? E/FMQ: grantorIdx must be less than 3
2022-12-04 02:00:07.785 8690-9097/? E/FMQ: grantorIdx must be less than 3
2022-12-04 02:00:07.785 8690-9097/? E/FMQ: grantorIdx must be less than 3
2022-12-04 02:00:07.788 453-20664/? E/FMQ: grantorIdx must be less than 3
2022-12-04 02:00:07.788 453-20664/? E/FMQ: grantorIdx must be less than 3
2022-12-04 02:00:07.793 453-9096/? E/FMQ: grantorIdx must be less than 3
2022-12-04 02:00:07.793 8690-8826/? E/FMQ: grantorIdx must be less than 3
2022-12-04 02:00:07.797 8690-9097/? E/FMQ: grantorIdx must be less than 3
2022-12-04 02:00:07.797 453-933/? E/FMQ: grantorIdx must be less than 3
2022-12-04 02:00:07.832 453-9098/? E/FMQ: grantorIdx must be less than 3
2022-12-04 02:00:07.833 8690-9007/? E/FMQ: grantorIdx must be less than 3
2022-12-04 02:00:07.989 8690-8705/? E/GnssLocationProvider: IGnssConfiguration setBlacklist() failed.
2022-12-04 02:00:08.076 8690-9104/? E/FMQ: grantorIdx must be less than 3
2022-12-04 02:00:08.077 8690-9104/? E/FMQ: grantorIdx must be less than 3
2022-12-04 02:00:08.079 453-23636/? E/FMQ: grantorIdx must be less than 3
2022-12-04 02:00:08.079 453-23636/? E/FMQ: grantorIdx must be less than 3
2022-12-04 02:00:08.086 8690-9104/? E/FMQ: grantorIdx must be less than 3
2022-12-04 02:00:08.087 453-23636/? E/FMQ: grantorIdx must be less than 3
2022-12-04 02:00:08.113 8690-9106/? E/FMQ: grantorIdx must be less than 3
2022-12-04 02:00:08.113 8690-9106/? E/FMQ: grantorIdx must be less than 3
2022-12-04 02:00:08.115 453-963/? E/FMQ: grantorIdx must be less than 3
2022-12-04 02:00:08.115 453-963/? E/FMQ: grantorIdx must be less than 3
2022-12-04 02:00:08.121 453-9105/? E/FMQ: grantorIdx must be less than 3
2022-12-04 02:00:08.121 8690-9106/? E/FMQ: grantorIdx must be less than 3
2022-12-04 02:00:08.121 453-963/? E/FMQ: grantorIdx must be less than 3
2022-12-04 02:00:08.121 8690-8827/? E/FMQ: grantorIdx must be less than 3
2022-12-04 02:00:08.146 453-9107/? E/FMQ: grantorIdx must be less than 3
2022-12-04 02:00:08.147 8690-9007/? E/FMQ: grantorIdx must be less than 3
2022-12-04 02:00:08.396 9113-9113/? E/m.android.phon: Not starting debugger since process cannot load the jdwp agent.
2022-12-04 02:00:08.451 9123-9123/? E/ndroid.setting: Not starting debugger since process cannot load the jdwp agent.
2022-12-04 02:00:08.475 9150-9150/? E/id.ext.service: Not starting debugger since process cannot load the jdwp agent.
2022-12-04 02:00:08.522 8690-8707/? E/BluetoothManagerService: MESSAGE_TIMEOUT_BIND
2022-12-04 02:00:08.555 9177-9177/? E/s.nexuslaunche: Not starting debugger since process cannot load the jdwp agent.
2022-12-04 02:00:08.648 8867-9141/? E/vol.VolumeDialogControl: isCaptionsServiceEnabled failed to check for captions component
    java.lang.IllegalArgumentException: Unknown component: ComponentInfo{com.google.android.as/com.google.android.apps.miphone.aiai.captions.CaptionsService}
        at android.os.Parcel.createExceptionOrNull(Parcel.java:2377)
        at android.os.Parcel.createException(Parcel.java:2357)
        at android.os.Parcel.readException(Parcel.java:2340)
        at android.os.Parcel.readException(Parcel.java:2282)
        at android.content.pm.IPackageManager$Stub$Proxy.getComponentEnabledSetting(IPackageManager.java:6804)
        at android.app.ApplicationPackageManager.getComponentEnabledSetting(ApplicationPackageManager.java:2723)
        at com.android.systemui.volume.VolumeDialogControllerImpl.onGetCaptionsComponentStateW(VolumeDialogControllerImpl.java:441)
        at com.android.systemui.volume.VolumeDialogControllerImpl.access$2000(VolumeDialogControllerImpl.java:92)
        at com.android.systemui.volume.VolumeDialogControllerImpl$W.handleMessage(VolumeDialogControllerImpl.java:825)
        at android.os.Handler.dispatchMessage(Handler.java:106)
        at android.os.Looper.loop(Looper.java:223)
        at android.os.HandlerThread.run(HandlerThread.java:67)
     Caused by: android.os.RemoteException: Remote stack trace:
        at com.android.server.pm.PackageManagerService.getComponentEnabledSetting(PackageManagerService.java:21394)
        at android.content.pm.IPackageManager$Stub.onTransact(IPackageManager.java:3216)
        at com.android.server.pm.PackageManagerService.onTransact(PackageManagerService.java:4302)
        at android.os.Binder.execTransactInternal(Binder.java:1154)
        at android.os.Binder.execTransact(Binder.java:1123)
2022-12-04 02:00:08.991 9113-9113/? E/CarrierIdProvider: read carrier list from ota pb failure: java.io.FileNotFoundException: /data/misc/carrierid/carrier_list.pb: open failed: ENOENT (No such file or directory)
2022-12-04 02:00:09.102 8690-8690/? E/WiredAccessoryManager: No state change.
2022-12-04 02:00:09.119 8690-8690/? E/TrustManagerService: EXTRA_USER_HANDLE missing or invalid, value=0
2022-12-04 02:00:09.259 305-305/? E/bt: system/bt/vendor_libs/test_vendor_lib/model/devices/device_properties.cc:83 DeviceProperties: Error reading controller properties from file.
2022-12-04 02:00:09.403 8690-8690/? E/ContentCapturePerUserService: Bad service name: com.google.android.as/com.google.android.apps.miphone.aiai.app.AiAiContentCaptureService
2022-12-04 02:00:09.404 8690-8690/? E/ContentCapturePerUserService: Bad service name: com.google.android.as/com.google.android.apps.miphone.aiai.app.AiAiContentCaptureService
2022-12-04 02:00:09.404 8690-8690/? E/ContentSuggestionsPerUserService: Bad service name: com.google.android.as/com.google.android.apps.miphone.aiai.app.AiAiContentSuggestionsService
2022-12-04 02:00:09.408 8690-8690/? E/AutofillManagerServiceImpl: Bad service name: com.google.android.gms/.autofill.service.AutofillService
2022-12-04 02:00:09.408 8690-8690/? E/RemoteAugmentedAutofillService: Bad service name for flags 1048704: com.google.android.as/com.google.android.apps.miphone.aiai.app.AiAiAugmentedAutofillService
2022-12-04 02:00:09.410 8848-8978/? E/bt_btif_storage: btif_storage_get_adapter_property: Controller ready!
2022-12-04 02:00:09.419 9113-9230/? E/android_os_HwBinder: Uncaught exception!
2022-12-04 02:00:09.536 8848-8848/? E/a2dp_vendor_aptx_encoder: A2DP_VendorLoadEncoderAptx: cannot open aptX encoder library libaptX_encoder.so: dlopen failed: library "libaptX_encoder.so" not found
2022-12-04 02:00:09.538 8848-8848/? E/a2dp_vendor_aptx: init: cannot load the encoder
2022-12-04 02:00:09.544 8848-8848/? E/a2dp_vendor_aptx_hd_encoder: A2DP_VendorLoadEncoderAptxHd: cannot open aptX-HD encoder library libaptXHD_encoder.so: dlopen failed: library "libaptXHD_encoder.so" not found
2022-12-04 02:00:09.545 8848-8848/? E/a2dp_vendor_aptx_hd: init: cannot load the encoder
2022-12-04 02:00:09.553 8848-8848/? E/a2dp_vendor_ldac_decoder: A2DP_VendorLoadDecoderLdac: cannot open LDAC decoder library libldacBT_bco.so: dlopen failed: library "libldacBT_bco.so" not found
2022-12-04 02:00:09.553 8848-8848/? E/a2dp_vendor_ldac: init: cannot load the decoder
2022-12-04 02:00:09.557 8848-8848/? E/a2dp_vendor_aptx_encoder: A2DP_VendorLoadEncoderAptx: cannot open aptX encoder library libaptX_encoder.so: dlopen failed: library "libaptX_encoder.so" not found
2022-12-04 02:00:09.557 8848-8848/? E/a2dp_vendor_aptx: init: cannot load the encoder
2022-12-04 02:00:09.559 8848-8848/? E/a2dp_vendor_aptx_hd_encoder: A2DP_VendorLoadEncoderAptxHd: cannot open aptX-HD encoder library libaptXHD_encoder.so: dlopen failed: library "libaptXHD_encoder.so" not found
2022-12-04 02:00:09.559 8848-8848/? E/a2dp_vendor_aptx_hd: init: cannot load the encoder
2022-12-04 02:00:09.560 8848-8848/? E/a2dp_vendor_ldac_decoder: A2DP_VendorLoadDecoderLdac: cannot open LDAC decoder library libldacBT_bco.so: dlopen failed: library "libldacBT_bco.so" not found
2022-12-04 02:00:09.560 8848-8848/? E/a2dp_vendor_ldac: init: cannot load the decoder
2022-12-04 02:00:09.564 8848-8848/? E/a2dp_vendor_aptx_encoder: A2DP_VendorLoadEncoderAptx: cannot open aptX encoder library libaptX_encoder.so: dlopen failed: library "libaptX_encoder.so" not found
2022-12-04 02:00:09.565 8848-8848/? E/a2dp_vendor_aptx: init: cannot load the encoder
2022-12-04 02:00:09.565 8848-8848/? E/a2dp_vendor_aptx_hd_encoder: A2DP_VendorLoadEncoderAptxHd: cannot open aptX-HD encoder library libaptXHD_encoder.so: dlopen failed: library "libaptXHD_encoder.so" not found
2022-12-04 02:00:09.565 8848-8848/? E/a2dp_vendor_aptx_hd: init: cannot load the encoder
2022-12-04 02:00:09.578 8848-8848/? E/a2dp_vendor_ldac_decoder: A2DP_VendorLoadDecoderLdac: cannot open LDAC decoder library libldacBT_bco.so: dlopen failed: library "libldacBT_bco.so" not found
2022-12-04 02:00:09.578 8848-8848/? E/a2dp_vendor_ldac: init: cannot load the decoder
2022-12-04 02:00:09.579 8848-8848/? E/a2dp_vendor_aptx_encoder: A2DP_VendorLoadEncoderAptx: cannot open aptX encoder library libaptX_encoder.so: dlopen failed: library "libaptX_encoder.so" not found
2022-12-04 02:00:09.579 8848-8848/? E/a2dp_vendor_aptx: init: cannot load the encoder
2022-12-04 02:00:09.580 8848-8848/? E/a2dp_vendor_aptx_hd_encoder: A2DP_VendorLoadEncoderAptxHd: cannot open aptX-HD encoder library libaptXHD_encoder.so: dlopen failed: library "libaptXHD_encoder.so" not found
2022-12-04 02:00:09.580 8848-8848/? E/a2dp_vendor_aptx_hd: init: cannot load the encoder
2022-12-04 02:00:09.584 8848-8848/? E/a2dp_vendor_ldac_decoder: A2DP_VendorLoadDecoderLdac: cannot open LDAC decoder library libldacBT_bco.so: dlopen failed: library "libldacBT_bco.so" not found
2022-12-04 02:00:09.584 8848-8848/? E/a2dp_vendor_ldac: init: cannot load the decoder
2022-12-04 02:00:09.589 8848-8848/? E/a2dp_vendor_aptx_encoder: A2DP_VendorLoadEncoderAptx: cannot open aptX encoder library libaptX_encoder.so: dlopen failed: library "libaptX_encoder.so" not found
2022-12-04 02:00:09.603 8848-8848/? E/a2dp_vendor_aptx: init: cannot load the encoder
2022-12-04 02:00:09.603 8848-8848/? E/a2dp_vendor_aptx_hd_encoder: A2DP_VendorLoadEncoderAptxHd: cannot open aptX-HD encoder library libaptXHD_encoder.so: dlopen failed: library "libaptXHD_encoder.so" not found
2022-12-04 02:00:09.604 8848-8848/? E/a2dp_vendor_aptx_hd: init: cannot load the encoder
2022-12-04 02:00:09.604 8848-8848/? E/a2dp_vendor_ldac_decoder: A2DP_VendorLoadDecoderLdac: cannot open LDAC decoder library libldacBT_bco.so: dlopen failed: library "libldacBT_bco.so" not found
2022-12-04 02:00:09.605 8848-8848/? E/a2dp_vendor_ldac: init: cannot load the decoder
2022-12-04 02:00:09.609 8848-8848/? E/a2dp_vendor_aptx_encoder: A2DP_VendorLoadEncoderAptx: cannot open aptX encoder library libaptX_encoder.so: dlopen failed: library "libaptX_encoder.so" not found
2022-12-04 02:00:09.609 8848-8848/? E/a2dp_vendor_aptx: init: cannot load the encoder
2022-12-04 02:00:09.610 8848-8848/? E/a2dp_vendor_aptx_hd_encoder: A2DP_VendorLoadEncoderAptxHd: cannot open aptX-HD encoder library libaptXHD_encoder.so: dlopen failed: library "libaptXHD_encoder.so" not found
2022-12-04 02:00:09.610 8848-8848/? E/a2dp_vendor_aptx_hd: init: cannot load the encoder
2022-12-04 02:00:09.611 8848-8848/? E/a2dp_vendor_ldac_decoder: A2DP_VendorLoadDecoderLdac: cannot open LDAC decoder library libldacBT_bco.so: dlopen failed: library "libldacBT_bco.so" not found
2022-12-04 02:00:09.611 8848-8848/? E/a2dp_vendor_ldac: init: cannot load the decoder
2022-12-04 02:00:09.766 8848-8848/? E/BluetoothPhonePolicy: autoConnect: most recently active a2dp device is null
2022-12-04 02:00:10.450 8867-8867/? E/libEGL: validate_display:89 error 3001 (EGL_NOT_INITIALIZED)
2022-12-04 02:00:10.672 8690-8703/? E/WindowManager: Window Session Crash
    java.lang.IllegalArgumentException: Requested window null does not exist
        at com.android.server.wm.WindowManagerService.windowForClientLocked(WindowManagerService.java:5433)
        at com.android.server.wm.Session.actionOnWallpaper(Session.java:356)
        at com.android.server.wm.Session.setWallpaperZoomOut(Session.java:382)
        at android.view.IWindowSession$Stub.onTransact(IWindowSession.java:1154)
        at com.android.server.wm.Session.onTransact(Session.java:139)
        at android.os.Binder.execTransactInternal(Binder.java:1159)
        at android.os.Binder.execTransact(Binder.java:1123)
2022-12-04 02:00:11.202 9113-9113/? E/PhoneInterfaceManager: [PhoneIntfMgr] getIccId: No UICC
2022-12-04 02:00:11.231 9304-9304/? E/.gms.persisten: Not starting debugger since process cannot load the jdwp agent.
2022-12-04 02:00:11.332 9113-9113/? E/PhoneInterfaceManager: [PhoneIntfMgr] getIccId: No UICC
2022-12-04 02:00:11.377 9113-9113/? E/PhoneInterfaceManager: [PhoneIntfMgr] getIccId: No UICC
2022-12-04 02:00:11.714 9113-9113/? E/PhoneInterfaceManager: [PhoneIntfMgr] getIccId: No UICC
2022-12-04 02:00:11.943 9113-9113/? E/PhoneInterfaceManager: [PhoneIntfMgr] getIccId: No UICC
2022-12-04 02:00:12.247 8690-8708/? E/TestHarnessModeService: Failed to start Test Harness Mode; no implementation of PersistentDataBlockManagerInternal was bound!
2022-12-04 02:00:12.260 9113-9113/? E/PhoneInterfaceManager: [PhoneIntfMgr] getIccId: No UICC
2022-12-04 02:00:12.270 8690-8705/? E/AdbDebuggingManager: Expected keyStore, but got tag=null
2022-12-04 02:00:12.271 8690-8705/? E/AdbDebuggingManager: Expected keyStore, but got tag=null
2022-12-04 02:00:12.319 9340-9340/? E/putmethod.lati: Not starting debugger since process cannot load the jdwp agent.
2022-12-04 02:00:12.332 9113-9113/? E/PhoneInterfaceManager: [PhoneIntfMgr] getIccId: No UICC
2022-12-04 02:00:12.333 8690-8708/? E/UserspaceRebootLogger: Userspace reboot is not supported.
2022-12-04 02:00:12.451 9363-9363/? E/.apps.wellbein: Not starting debugger since process cannot load the jdwp agent.
2022-12-04 02:00:12.459 9113-9113/? E/PhoneInterfaceManager: [PhoneIntfMgr] getIccId: No UICC
2022-12-04 02:00:12.702 9113-9113/? E/PhoneInterfaceManager: [PhoneIntfMgr] getIccId: No UICC
2022-12-04 02:00:12.719 9397-9397/? E/oadcastreceive: Not starting debugger since process cannot load the jdwp agent.
2022-12-04 02:00:12.858 9113-9113/? E/PhoneInterfaceManager: [PhoneIntfMgr] getIccId: No UICC
2022-12-04 02:00:13.618 9363-9432/? E/GmsClient: unable to connect to service: com.google.android.gms.phenotype.service.START on com.google.android.gms
2022-12-04 02:00:13.742 9363-9432/? E/GmsClient: unable to connect to service: com.google.android.gms.phenotype.service.START on com.google.android.gms
2022-12-04 02:00:13.756 9363-9432/? E/MendelPackageState: Failed to commit to config
    jzr: 17: 17: API: Phenotype.API is not available on this device. Connection failed with: ibt{statusCode=API_UNAVAILABLE, resolution=null, message=null}
        at jzu.a(Unknown Source:1)
        at nis.a(PG:3)
        at niu.run(PG:23)
        at nla.execute(PG:3)
        at nji.b(PG:77)
        at nji.a(PG:76)
        at nji.a(PG:175)
        at nmq.a(PG:3)
        at jjj.a(Unknown Source:6)
        at iug.run(PG:2)
        at nla.execute(PG:3)
        at iuh.a(PG:4)
        at iuu.a(PG:10)
        at iuv.b(PG:7)
        at idy.a(PG:2)
        at ify.a(PG:106)
        at ify.a(PG:98)
        at ify.a(PG:153)
        at ify.a(PG:127)
        at iga.run(PG:12)
        at android.os.Handler.handleCallback(Handler.java:938)
        at android.os.Handler.dispatchMessage(Handler.java:99)
        at android.os.Looper.loop(Looper.java:223)
        at android.os.HandlerThread.run(HandlerThread.java:67)
     Caused by: ida: 17: API: Phenotype.API is not available on this device. Connection failed with: ibt{statusCode=API_UNAVAILABLE, resolution=null, message=null}
        at xy.a(PG:8)
        at ieb.a(PG:2)
        at idy.a(PG:2) 
        at ify.a(PG:106) 
        at ify.a(PG:98) 
        at ify.a(PG:153) 
        at ify.a(PG:127) 
        at iga.run(PG:12) 
        at android.os.Handler.handleCallback(Handler.java:938) 
        at android.os.Handler.dispatchMessage(Handler.java:99) 
        at android.os.Looper.loop(Looper.java:223) 
        at android.os.HandlerThread.run(HandlerThread.java:67) 
2022-12-04 02:00:14.375 9340-9454/? E/FileCache: FileCache.clearObsoleteFilesInternal():271 Failed to delete all obsolete files under folder: /data/user_de/0/com.google.android.inputmethod.latin/cache/kb_def
2022-12-04 02:00:14.425 8690-8705/? E/GnssLocationProvider: IGnssConfiguration setEsExtensionSec() failed.
2022-12-04 02:00:14.425 8690-8705/? E/GnssConfiguration: Unable to set ES_EXTENSION_SEC: 0
2022-12-04 02:00:14.461 8690-8705/? E/GnssLocationProvider: IGnssConfiguration setEsExtensionSec() failed.
2022-12-04 02:00:14.461 8690-8705/? E/GnssConfiguration: Unable to set ES_EXTENSION_SEC: 0
2022-12-04 02:00:14.870 9113-9113/? E/ConnectivityManager: NetworkCallback was already registered
2022-12-04 02:00:15.006 9467-9467/? E/ocess.gservice: Not starting debugger since process cannot load the jdwp agent.
2022-12-04 02:00:15.100 8690-8726/? E/ContentCapturePerUserService: Bad service name: com.google.android.as/com.google.android.apps.miphone.aiai.app.AiAiContentCaptureService
2022-12-04 02:00:15.101 8690-8726/? E/ContentCapturePerUserService: Bad service name: com.google.android.as/com.google.android.apps.miphone.aiai.app.AiAiContentCaptureService
2022-12-04 02:00:15.102 8690-8726/? E/SystemCaptionsManagerPerUserService: Bad service name: com.google.android.as/com.google.android.apps.miphone.aiai.captions.SystemCaptionsManagerService
2022-12-04 02:00:15.119 8690-8726/? E/AppPredictionPerUserService: Bad service name: com.google.android.as/com.google.android.apps.miphone.aiai.app.AiAiPredictionService
2022-12-04 02:00:15.121 8690-8726/? E/ContentSuggestionsPerUserService: Bad service name: com.google.android.as/com.google.android.apps.miphone.aiai.app.AiAiContentSuggestionsService
2022-12-04 02:00:15.223 8690-8726/? E/RemoteAugmentedAutofillService: Bad service name for flags 1048704: com.google.android.as/com.google.android.apps.miphone.aiai.app.AiAiAugmentedAutofillService
2022-12-04 02:00:15.224 8690-8726/? E/RemoteAugmentedAutofillService: Bad service name for flags 1048704: com.google.android.as/com.google.android.apps.miphone.aiai.app.AiAiAugmentedAutofillService
2022-12-04 02:00:15.284 9493-9493/? E/hbox:interacto: Not starting debugger since process cannot load the jdwp agent.
2022-12-04 02:00:15.497 9517-9517/? E/.ims.rcsservic: Not starting debugger since process cannot load the jdwp agent.
2022-12-04 02:00:15.645 9549-9549/? E/or.multidispla: Not starting debugger since process cannot load the jdwp agent.
2022-12-04 02:00:15.689 8690-8830/? E/BackupPasswordManager: Unable to read backup pw version
2022-12-04 02:00:15.696 8690-8830/? E/BackupPasswordManager: Unable to read saved backup pw hash
2022-12-04 02:00:15.776 9571-9571/? E/rs.media.modul: Not starting debugger since process cannot load the jdwp agent.
2022-12-04 02:00:15.956 9600-9600/? E/.android.diale: Not starting debugger since process cannot load the jdwp agent.
2022-12-04 02:00:16.016 9623-9623/? E/s.youtube.musi: Not starting debugger since process cannot load the jdwp agent.
